Lcd.c:21:13:LCD_ES_tTrigger_Enable	8	static
Lcd.c:34:6:Lcd_ES_tInit	16	static
Lcd.c:108:6:wait_ms	24	static
Lcd.c:114:6:lcd_ES_tclear	8	static
Lcd.c:121:6:Lcd_ES_tsendCmd	16	static
Lcd.c:157:6:Lcd_ES_tsendChar	16	static
Lcd.c:190:6:Lcd_ES_tsendString	24	static
Lcd.c:204:6:Lcd_ES_tsendString_xy	16	static
Lcd.c:216:6:Lcd_ES_tdisplayNum	32	static
Lcd.c:242:6:Lcd_ES_tdisplayNum_xy	24	static
Lcd.c:268:6:Lcd_ES_tsendChar_xy	24	static
Lcd.c:290:13:LCD_ES_tSet_Cursor_Pos	16	static
Lcd.c:306:6:LCD_ES_tGoTo	16	static
