Stm32_F103C6_USART_driver.c:26:6:MCAL_UART_Init	24	static
Stm32_F103C6_USART_driver.c:108:6:MCAL_UART_DeInit	16	static
Stm32_F103C6_USART_driver.c:147:6:MCAL_UART_SendData	24	static
Stm32_F103C6_USART_driver.c:183:6:MCAL_UART_WAIT_TC	16	static
Stm32_F103C6_USART_driver.c:205:6:MCAL_UART_ReceiveData	24	static
Stm32_F103C6_USART_driver.c:250:6:MCAL_UART_GPIO_SetPins	24	static
Stm32_F103C6_USART_driver.c:366:6:USART1_IRQHandler	8	static
Stm32_F103C6_USART_driver.c:371:6:USART2_IRQHandler	8	static
Stm32_F103C6_USART_driver.c:376:6:USART3_IRQHandler	8	static
